// Jest Snapshot v1, https://goo.gl/fbAQLP

exports[`TransferCustomLambdaIdentityProvider Testing Should match snapshot 1`] = `
Object {
  "Parameters": Object {
    "BootstrapVersion": Object {
      "Default": "/cdk-bootstrap/hnb659fds/version",
      "Description": "Version of the CDK Bootstrap resources in this environment, automatically retrieved from SSM Parameter Store. [cdk:skip]",
      "Type": "AWS::SSM::Parameter::Value<String>",
    },
  },
  "Resources": Object {
    "TransferCustomLambdaIdentityProviderFunction6EA67D56": Object {
      "DependsOn": Array [
        "TransferCustomLambdaIdentityProviderLambdaExecutionRole6A614CFE",
      ],
      "Properties": Object {
        "Code": Object {
          "S3Bucket": "cdk-hnb659fds-assets-123456789012-us-east-1",
          "S3Key": "HASH.zip",
        },
        "Description": "A function to lookup and return user data from AWS Secrets Manager.",
        "FunctionName": "sftp-user-authentication-func-6c4f6c0f",
        "Handler": "index.lambda_handler",
        "Role": Object {
          "Fn::GetAtt": Array [
            "TransferCustomLambdaIdentityProviderLambdaExecutionRole6A614CFE",
            "Arn",
          ],
        },
        "Runtime": "python3.8",
      },
      "Type": "AWS::Lambda::Function",
    },
    "TransferCustomLambdaIdentityProviderFunctionLambdaAccessPermission6B14587C": Object {
      "Properties": Object {
        "Action": "lambda:InvokeFunction",
        "FunctionName": Object {
          "Fn::GetAtt": Array [
            "TransferCustomLambdaIdentityProviderFunction6EA67D56",
            "Arn",
          ],
        },
        "Principal": "transfer.amazonaws.com",
      },
      "Type": "AWS::Lambda::Permission",
    },
    "TransferCustomLambdaIdentityProviderLambdaExecutionRole6A614CFE": Object {
      "Properties": Object {
        "AssumeRolePolicyDocument": Object {
          "Statement": Array [
            Object {
              "Action": "sts:AssumeRole",
              "Effect": "Allow",
              "Principal": Object {
                "Service": "lambda.amazonaws.com",
              },
            },
          ],
          "Version": "2012-10-17",
        },
        "ManagedPolicyArns": Array [
          Object {
            "Fn::Join": Array [
              "",
              Array [
                "arn:",
                Object {
                  "Ref": "AWS::Partition",
                },
                ":iam::aws:policy/service-role/AWSLambdaBasicExecutionRole",
              ],
            ],
          },
        ],
        "Policies": Array [
          Object {
            "PolicyDocument": Object {
              "Statement": Array [
                Object {
                  "Action": "secretsmanager:GetSecretValue",
                  "Effect": "Allow",
                  "Resource": "arn:aws:secretsmanager:us-east-1:123456789012:secret:transfer/s-*",
                },
              ],
              "Version": "2012-10-17",
            },
            "PolicyName": "get-secret-policy",
          },
        ],
        "RoleName": "lambda-exec-role-6c4f6c0f",
      },
      "Type": "AWS::IAM::Role",
    },
    "TransferCustomLambdaIdentityProviderLoggingRole6CBDB475": Object {
      "Properties": Object {
        "AssumeRolePolicyDocument": Object {
          "Statement": Array [
            Object {
              "Action": "sts:AssumeRole",
              "Effect": "Allow",
              "Principal": Object {
                "Service": "transfer.amazonaws.com",
              },
            },
          ],
          "Version": "2012-10-17",
        },
        "Description": "transfer logging role.",
        "ManagedPolicyArns": Array [
          Object {
            "Fn::Join": Array [
              "",
              Array [
                "arn:",
                Object {
                  "Ref": "AWS::Partition",
                },
                ":iam::aws:policy/service-role/AWSTransferLoggingAccess",
              ],
            ],
          },
        ],
        "RoleName": "transfer-logging-role-6c4f6c0f",
      },
      "Type": "AWS::IAM::Role",
    },
    "TransferCustomLambdaIdentityProviderTransferServer5ABD8CD4": Object {
      "Properties": Object {
        "EndpointType": "PUBLIC",
        "IdentityProviderDetails": Object {
          "Function": Object {
            "Fn::GetAtt": Array [
              "TransferCustomLambdaIdentityProviderFunction6EA67D56",
              "Arn",
            ],
          },
        },
        "IdentityProviderType": "AWS_LAMBDA",
        "LoggingRole": Object {
          "Fn::GetAtt": Array [
            "TransferCustomLambdaIdentityProviderLoggingRole6CBDB475",
            "Arn",
          ],
        },
        "Protocols": Array [
          "SFTP",
        ],
        "Tags": Array [
          Object {
            "Key": "aws:transfer:customHostname",
            "Value": "sftp.example.com",
          },
          Object {
            "Key": "aws:transfer:route53HostedZoneId",
            "Value": "Z0000000000000000000Q",
          },
        ],
      },
      "Type": "AWS::Transfer::Server",
    },
  },
  "Rules": Object {
    "CheckBootstrapVersion": Object {
      "Assertions": Array [
        Object {
          "Assert": Object {
            "Fn::Not": Array [
              Object {
                "Fn::Contains": Array [
                  Array [
                    "1",
                    "2",
                    "3",
                    "4",
                    "5",
                  ],
                  Object {
                    "Ref": "BootstrapVersion",
                  },
                ],
              },
            ],
          },
          "AssertDescription": "CDK bootstrap stack version 6 required. Please run 'cdk bootstrap' with a recent version of the CDK CLI.",
        },
      ],
    },
  },
}
`;
