// Jest Snapshot v1, https://goo.gl/fbAQLP

exports[`TransferCustomLambdaIdentityProvider Testing Should match snapshot 1`] = `
{
  "Parameters": {
    "BootstrapVersion": {
      "Default": "/cdk-bootstrap/hnb659fds/version",
      "Description": "Version of the CDK Bootstrap resources in this environment, automatically retrieved from SSM Parameter Store. [cdk:skip]",
      "Type": "AWS::SSM::Parameter::Value<String>",
    },
  },
  "Resources": {
    "TransferCustomLambdaIdentityProviderFunctionRoleD3B2E903": {
      "Properties": {
        "AssumeRolePolicyDocument": {
          "Statement": [
            {
              "Action": "sts:AssumeRole",
              "Effect": "Allow",
              "Principal": {
                "Service": "lambda.amazonaws.com",
              },
            },
          ],
          "Version": "2012-10-17",
        },
        "ManagedPolicyArns": [
          {
            "Fn::Join": [
              "",
              [
                "arn:",
                {
                  "Ref": "AWS::Partition",
                },
                ":iam::aws:policy/service-role/AWSLambdaBasicExecutionRole",
              ],
            ],
          },
        ],
        "Policies": [
          {
            "PolicyDocument": {
              "Statement": [
                {
                  "Action": "secretsmanager:GetSecretValue",
                  "Effect": "Allow",
                  "Resource": "arn:aws:secretsmanager:us-east-1:123456789012:secret:transfer/s-*",
                },
              ],
              "Version": "2012-10-17",
            },
            "PolicyName": "get-secret-policy",
          },
        ],
      },
      "Type": "AWS::IAM::Role",
    },
    "TransferCustomLambdaIdentityProviderTransferUserAuthenticationFunction4AE90DCF": {
      "DependsOn": [
        "TransferCustomLambdaIdentityProviderFunctionRoleD3B2E903",
      ],
      "Properties": {
        "Code": {
          "S3Bucket": "cdk-hnb659fds-assets-123456789012-us-east-1",
          "S3Key": "HASH.zip",
        },
        "Description": "A function to lookup and return user data from AWS Secrets Manager.",
        "Environment": {
          "Variables": {
            "AWS_NODEJS_CONNECTION_REUSE_ENABLED": "1",
          },
        },
        "Handler": "index.handler",
        "Role": {
          "Fn::GetAtt": [
            "TransferCustomLambdaIdentityProviderFunctionRoleD3B2E903",
            "Arn",
          ],
        },
        "Runtime": "nodejs20.x",
      },
      "Type": "AWS::Lambda::Function",
    },
    "TransferCustomLambdaIdentityProviderTransferUserAuthenticationFunctionLambdaAccessPermission3D2FCB59": {
      "Properties": {
        "Action": "lambda:InvokeFunction",
        "FunctionName": {
          "Fn::GetAtt": [
            "TransferCustomLambdaIdentityProviderTransferUserAuthenticationFunction4AE90DCF",
            "Arn",
          ],
        },
        "Principal": "transfer.amazonaws.com",
      },
      "Type": "AWS::Lambda::Permission",
    },
  },
  "Rules": {
    "CheckBootstrapVersion": {
      "Assertions": [
        {
          "Assert": {
            "Fn::Not": [
              {
                "Fn::Contains": [
                  [
                    "1",
                    "2",
                    "3",
                    "4",
                    "5",
                  ],
                  {
                    "Ref": "BootstrapVersion",
                  },
                ],
              },
            ],
          },
          "AssertDescription": "CDK bootstrap stack version 6 required. Please run 'cdk bootstrap' with a recent version of the CDK CLI.",
        },
      ],
    },
  },
}
`;
